
> ima2-ui@0.1.0 build
> tsc -b && vite build

[ima2] /api proxy -> http://127.0.0.1:3334 (source: server.json)
vite v7.3.6 building client environment for production...
transforming...
✓ 550 modules transformed.
rendering chunks...
[plugin vite:reporter] 
(!) /Users/jun/Developer/new/700_projects/ima2-gen/ui/src/lib/continueFromItem.ts is dynamically imported by /Users/jun/Developer/new/700_projects/ima2-gen/ui/src/lib/resultChaining.ts but also statically imported by /Users/jun/Developer/new/700_projects/ima2-gen/ui/src/components/ResultActions.tsx, /Users/jun/Developer/new/700_projects/ima2-gen/ui/src/components/composer/PromptComposerToolbar.tsx, dynamic import will not move module into another chunk.

computing gzip size...
dist/index.html                                         1.27 kB │ gzip:   0.57 kB
dist/.vite/manifest.json                                5.90 kB │ gzip:   0.92 kB
dist/assets/SpriteRecipeWorkspace-DAKbJ_cT.css          1.16 kB │ gzip:   0.51 kB
dist/assets/AssetsWorkspace-BkUjPPKU.css                4.24 kB │ gzip:   1.20 kB
dist/assets/NodeCanvas-BZV40eAE.css                    15.85 kB │ gzip:   2.66 kB
dist/assets/index-CitlbF4C.css                        282.82 kB │ gzip:  46.03 kB
dist/assets/useAgentDialogFocus-DpUEuqn-.js             0.81 kB │ gzip:   0.44 kB
dist/assets/GenerationRequestLogPanel-CLW5ig2v.js       1.77 kB │ gzip:   0.78 kB
dist/assets/PromptImportFolderSection-xXlD2PZ9.js       2.27 kB │ gzip:   0.91 kB
dist/assets/PromptImportDiscoverySection-BSKkkU0I.js    3.37 kB │ gzip:   1.24 kB
dist/assets/HomeWorkspace-Bd3PJLRp.js                   5.36 kB │ gzip:   1.90 kB
dist/assets/SpriteRecipeWorkspace-DOL5FGyU.js           6.18 kB │ gzip:   1.98 kB
dist/assets/PromptLibraryPanel--88UgCkK.js              6.24 kB │ gzip:   1.86 kB
dist/assets/PromptBuilderPanel-fmo706Oi.js             10.15 kB │ gzip:   3.41 kB
dist/assets/PromptImportDialog-BbB0ce6S.js             13.65 kB │ gzip:   3.81 kB
dist/assets/CardNewsWorkspace-DLoNgYFl.js              14.00 kB │ gzip:   3.66 kB
dist/assets/AssetGenWorkspace-B1rh_dcR.js              14.07 kB │ gzip:   3.97 kB
dist/assets/KeyingPanel-BObEsJy7.js                    20.16 kB │ gzip:   7.38 kB
dist/assets/AssetsWorkspace-C2Hj8g3s.js                23.00 kB │ gzip:   7.46 kB
dist/assets/SettingsWorkspace-DTcCYM3i.js              31.03 kB │ gzip:   8.37 kB
dist/assets/AgentWorkspace-CeOGEuoi.js                 54.91 kB │ gzip:  14.69 kB
dist/assets/index-54CPyd4j.js                          77.65 kB │ gzip:  22.25 kB
dist/assets/NodeCanvas-CXZREsIl.js                    187.72 kB │ gzip:  61.30 kB
dist/assets/index-BYuyk5Vo.js                         711.15 kB │ gzip: 214.78 kB

(!) Some chunks are larger than 500 kB after minification. Consider:
- Using dynamic import() to code-split the application
- Use build.rollupOptions.output.manualChunks to improve chunking: https://rollupjs.org/configuration-options/#output-manualchunks
- Adjust chunk size limit for this warning via build.chunkSizeWarningLimit.
✓ built in 1.27s
